  ╨₧╨┐╤Ç╨╡╨┤╨╡╨╗╨╡╨╜╨╕╨╡ ╨┐╤Ç╨╛╨╡╨║╤é╨╛╨▓ ╨┤╨╗╤Å ╨▓╨╛╤ü╤ü╤é╨░╨╜╨╛╨▓╨╗╨╡╨╜╨╕╤Å...
C:\Users\a\Desktop\C#.NET\.Net Third Month\.Net first week\Exam2\Admin\Admin.csproj : warning NU1608: Detected package version outside of dependency constraint: AutoMapper.Extensions.Microsoft.DependencyInjection 12.0.1 requires AutoMapper (= 12.0.1) but version AutoMapper 16.0.0 was resolved.
C:\Users\a\Desktop\C#.NET\.Net Third Month\.Net first week\Exam2\Application\Application.csproj : warning NU1608: Detected package version outside of dependency constraint: AutoMapper.Extensions.Microsoft.DependencyInjection 12.0.1 requires AutoMapper (= 12.0.1) but version AutoMapper 16.0.0 was resolved. [C:\Users\a\Desktop\C#.NET\.Net Third Month\.Net first week\Exam2\Admin\Admin.csproj]
  ╨Æ╤ü╨╡ ╨┐╤Ç╨╛╨╡╨║╤é╤ï ╨╛╨▒╨╜╨╛╨▓╨╗╨╡╨╜╤ï ╨┤╨╗╤Å ╨▓╨╛╤ü╤ü╤é╨░╨╜╨╛╨▓╨╗╨╡╨╜╨╕╤Å.
C:\Users\a\Desktop\C#.NET\.Net Third Month\.Net first week\Exam2\Admin\Admin.csproj : warning NU1608: Detected package version outside of dependency constraint: AutoMapper.Extensions.Microsoft.DependencyInjection 12.0.1 requires AutoMapper (= 12.0.1) but version AutoMapper 16.0.0 was resolved.
C:\Program Files\dotnet\sdk\9.0.306\Sdks\Microsoft.NET.Sdk\targets\Microsoft.NET.Sdk.FrameworkReferenceResolution.targets(512,5): error NETSDK1082: ╨╜╨╡ ╨▒╤ï╨╗╨╛ ╨┤╨╛╤ü╤é╤â╨┐╨╜╨╛╨│╨╛ ╨┐╨░╨║╨╡╤é╨░ ╤ü╤Ç╨╡╨┤╤ï ╨▓╤ï╨┐╨╛╨╗╨╜╨╡╨╜╨╕╤Å ╨┤╨╗╤Å Microsoft.AspNetCore.App ╨┤╨╗╤Å ╤â╨║╨░╨╖╨░╨╜╨╜╨╛╨│╨╛ RuntimeIdentifier "browser-wasm". [C:\Users\a\Desktop\C#.NET\.Net Third Month\.Net first week\Exam2\Admin\Admin.csproj]

╨₧╤ê╨╕╨▒╨║╨░ ╤ü╨▒╨╛╤Ç╨║╨╕.

C:\Users\a\Desktop\C#.NET\.Net Third Month\.Net first week\Exam2\Admin\Admin.csproj : warning NU1608: Detected package version outside of dependency constraint: AutoMapper.Extensions.Microsoft.DependencyInjection 12.0.1 requires AutoMapper (= 12.0.1) but version AutoMapper 16.0.0 was resolved.
C:\Users\a\Desktop\C#.NET\.Net Third Month\.Net first week\Exam2\Application\Application.csproj : warning NU1608: Detected package version outside of dependency constraint: AutoMapper.Extensions.Microsoft.DependencyInjection 12.0.1 requires AutoMapper (= 12.0.1) but version AutoMapper 16.0.0 was resolved. [C:\Users\a\Desktop\C#.NET\.Net Third Month\.Net first week\Exam2\Admin\Admin.csproj]
C:\Users\a\Desktop\C#.NET\.Net Third Month\.Net first week\Exam2\Admin\Admin.csproj : warning NU1608: Detected package version outside of dependency constraint: AutoMapper.Extensions.Microsoft.DependencyInjection 12.0.1 requires AutoMapper (= 12.0.1) but version AutoMapper 16.0.0 was resolved.
C:\Program Files\dotnet\sdk\9.0.306\Sdks\Microsoft.NET.Sdk\targets\Microsoft.NET.Sdk.FrameworkReferenceResolution.targets(512,5): error NETSDK1082: ╨╜╨╡ ╨▒╤ï╨╗╨╛ ╨┤╨╛╤ü╤é╤â╨┐╨╜╨╛╨│╨╛ ╨┐╨░╨║╨╡╤é╨░ ╤ü╤Ç╨╡╨┤╤ï ╨▓╤ï╨┐╨╛╨╗╨╜╨╡╨╜╨╕╤Å ╨┤╨╗╤Å Microsoft.AspNetCore.App ╨┤╨╗╤Å ╤â╨║╨░╨╖╨░╨╜╨╜╨╛╨│╨╛ RuntimeIdentifier "browser-wasm". [C:\Users\a\Desktop\C#.NET\.Net Third Month\.Net first week\Exam2\Admin\Admin.csproj]
    ╨ƒ╤Ç╨╡╨┤╤â╨┐╤Ç╨╡╨╢╨┤╨╡╨╜╨╕╨╣: 3
    ╨₧╤ê╨╕╨▒╨╛╨║: 1

╨ƒ╤Ç╨╛╤ê╨╗╨╛ ╨▓╤Ç╨╡╨╝╨╡╨╜╨╕ 00:00:01.67
