  Определение проектов для восстановления...
  Все проекты обновлены для восстановления.
C:\Users\a\Desktop\C#.NET\.Net Third Month\.Net first week\Exam2\Admin\App.razor(1,1): warning RZ10012: Found markup element with unexpected name 'CascadingAuthenticationState'. If this is intended to be a component, add a @using directive for its namespace. [C:\Users\a\Desktop\C#.NET\.Net Third Month\.Net first week\Exam2\Admin\Admin.csproj]
C:\Users\a\Desktop\C#.NET\.Net Third Month\.Net first week\Exam2\Admin\App.razor(4,13): warning RZ10012: Found markup element with unexpected name 'AuthorizeRouteView'. If this is intended to be a component, add a @using directive for its namespace. [C:\Users\a\Desktop\C#.NET\.Net Third Month\.Net first week\Exam2\Admin\Admin.csproj]
C:\Users\a\Desktop\C#.NET\.Net Third Month\.Net first week\Exam2\Admin\App.razor(5,17): warning RZ10012: Found markup element with unexpected name 'NotAuthorized'. If this is intended to be a component, add a @using directive for its namespace. [C:\Users\a\Desktop\C#.NET\.Net Third Month\.Net first week\Exam2\Admin\Admin.csproj]
C:\Users\a\Desktop\C#.NET\.Net Third Month\.Net first week\Exam2\Admin\App.razor(8,25): warning RZ10012: Found markup element with unexpected name 'RedirectToLogin'. If this is intended to be a component, add a @using directive for its namespace. [C:\Users\a\Desktop\C#.NET\.Net Third Month\.Net first week\Exam2\Admin\Admin.csproj]
C:\Users\a\Desktop\C#.NET\.Net Third Month\.Net first week\Exam2\Admin\Auth\JwtAuthenticationStateProvider.cs(1,39): error CS0234: Тип или имя пространства имен "Authorization" не существует в пространстве имен "Microsoft.AspNetCore.Components" (возможно, отсутствует ссылка на сборку). [C:\Users\a\Desktop\C#.NET\.Net Third Month\.Net first week\Exam2\Admin\Admin.csproj]
C:\Users\a\Desktop\C#.NET\.Net Third Month\.Net first week\Exam2\Admin\Program.cs(4,39): error CS0234: Тип или имя пространства имен "Authorization" не существует в пространстве имен "Microsoft.AspNetCore.Components" (возможно, отсутствует ссылка на сборку). [C:\Users\a\Desktop\C#.NET\.Net Third Month\.Net first week\Exam2\Admin\Admin.csproj]
C:\Users\a\Desktop\C#.NET\.Net Third Month\.Net first week\Exam2\Admin\_Imports.razor(14,40): error CS0234: Тип или имя пространства имен "Authorization" не существует в пространстве имен "Microsoft.AspNetCore.Components" (возможно, отсутствует ссылка на сборку). [C:\Users\a\Desktop\C#.NET\.Net Third Month\.Net first week\Exam2\Admin\Admin.csproj]
C:\Users\a\Desktop\C#.NET\.Net Third Month\.Net first week\Exam2\Admin\_Imports.razor(14,40): error CS0234: Тип или имя пространства имен "Authorization" не существует в пространстве имен "Microsoft.AspNetCore.Components" (возможно, отсутствует ссылка на сборку). [C:\Users\a\Desktop\C#.NET\.Net Third Month\.Net first week\Exam2\Admin\Admin.csproj]
C:\Users\a\Desktop\C#.NET\.Net Third Month\.Net first week\Exam2\Admin\Auth\JwtAuthenticationStateProvider.cs(9,47): error CS0246: Не удалось найти тип или имя пространства имен "AuthenticationStateProvider" (возможно, отсутствует директива using или ссылка на сборку). [C:\Users\a\Desktop\C#.NET\.Net Third Month\.Net first week\Exam2\Admin\Admin.csproj]
C:\Users\a\Desktop\C#.NET\.Net Third Month\.Net first week\Exam2\Admin\Auth\JwtAuthenticationStateProvider.cs(20,32): error CS0246: Не удалось найти тип или имя пространства имен "AuthenticationState" (возможно, отсутствует директива using или ссылка на сборку). [C:\Users\a\Desktop\C#.NET\.Net Third Month\.Net first week\Exam2\Admin\Admin.csproj]
C:\Users\a\Desktop\C#.NET\.Net Third Month\.Net first week\Exam2\Admin\_Imports.razor(14,40): error CS0234: Тип или имя пространства имен "Authorization" не существует в пространстве имен "Microsoft.AspNetCore.Components" (возможно, отсутствует ссылка на сборку). [C:\Users\a\Desktop\C#.NET\.Net Third Month\.Net first week\Exam2\Admin\Admin.csproj]
C:\Users\a\Desktop\C#.NET\.Net Third Month\.Net first week\Exam2\Admin\_Imports.razor(14,40): error CS0234: Тип или имя пространства имен "Authorization" не существует в пространстве имен "Microsoft.AspNetCore.Components" (возможно, отсутствует ссылка на сборку). [C:\Users\a\Desktop\C#.NET\.Net Third Month\.Net first week\Exam2\Admin\Admin.csproj]
C:\Users\a\Desktop\C#.NET\.Net Third Month\.Net first week\Exam2\Admin\_Imports.razor(14,40): error CS0234: Тип или имя пространства имен "Authorization" не существует в пространстве имен "Microsoft.AspNetCore.Components" (возможно, отсутствует ссылка на сборку). [C:\Users\a\Desktop\C#.NET\.Net Third Month\.Net first week\Exam2\Admin\Admin.csproj]
C:\Users\a\Desktop\C#.NET\.Net Third Month\.Net first week\Exam2\Admin\_Imports.razor(14,40): error CS0234: Тип или имя пространства имен "Authorization" не существует в пространстве имен "Microsoft.AspNetCore.Components" (возможно, отсутствует ссылка на сборку). [C:\Users\a\Desktop\C#.NET\.Net Third Month\.Net first week\Exam2\Admin\Admin.csproj]
C:\Users\a\Desktop\C#.NET\.Net Third Month\.Net first week\Exam2\Admin\_Imports.razor(14,40): error CS0234: Тип или имя пространства имен "Authorization" не существует в пространстве имен "Microsoft.AspNetCore.Components" (возможно, отсутствует ссылка на сборку). [C:\Users\a\Desktop\C#.NET\.Net Third Month\.Net first week\Exam2\Admin\Admin.csproj]
C:\Users\a\Desktop\C#.NET\.Net Third Month\.Net first week\Exam2\Admin\_Imports.razor(14,40): error CS0234: Тип или имя пространства имен "Authorization" не существует в пространстве имен "Microsoft.AspNetCore.Components" (возможно, отсутствует ссылка на сборку). [C:\Users\a\Desktop\C#.NET\.Net Third Month\.Net first week\Exam2\Admin\Admin.csproj]
C:\Users\a\Desktop\C#.NET\.Net Third Month\.Net first week\Exam2\Admin\_Imports.razor(14,40): error CS0234: Тип или имя пространства имен "Authorization" не существует в пространстве имен "Microsoft.AspNetCore.Components" (возможно, отсутствует ссылка на сборку). [C:\Users\a\Desktop\C#.NET\.Net Third Month\.Net first week\Exam2\Admin\Admin.csproj]
C:\Users\a\Desktop\C#.NET\.Net Third Month\.Net first week\Exam2\Admin\_Imports.razor(14,40): error CS0234: Тип или имя пространства имен "Authorization" не существует в пространстве имен "Microsoft.AspNetCore.Components" (возможно, отсутствует ссылка на сборку). [C:\Users\a\Desktop\C#.NET\.Net Third Month\.Net first week\Exam2\Admin\Admin.csproj]
C:\Users\a\Desktop\C#.NET\.Net Third Month\.Net first week\Exam2\Admin\_Imports.razor(14,40): error CS0234: Тип или имя пространства имен "Authorization" не существует в пространстве имен "Microsoft.AspNetCore.Components" (возможно, отсутствует ссылка на сборку). [C:\Users\a\Desktop\C#.NET\.Net Third Month\.Net first week\Exam2\Admin\Admin.csproj]
C:\Users\a\Desktop\C#.NET\.Net Third Month\.Net first week\Exam2\Admin\_Imports.razor(14,40): error CS0234: Тип или имя пространства имен "Authorization" не существует в пространстве имен "Microsoft.AspNetCore.Components" (возможно, отсутствует ссылка на сборку). [C:\Users\a\Desktop\C#.NET\.Net Third Month\.Net first week\Exam2\Admin\Admin.csproj]

Ошибка сборки.

C:\Users\a\Desktop\C#.NET\.Net Third Month\.Net first week\Exam2\Admin\App.razor(1,1): warning RZ10012: Found markup element with unexpected name 'CascadingAuthenticationState'. If this is intended to be a component, add a @using directive for its namespace. [C:\Users\a\Desktop\C#.NET\.Net Third Month\.Net first week\Exam2\Admin\Admin.csproj]
C:\Users\a\Desktop\C#.NET\.Net Third Month\.Net first week\Exam2\Admin\App.razor(4,13): warning RZ10012: Found markup element with unexpected name 'AuthorizeRouteView'. If this is intended to be a component, add a @using directive for its namespace. [C:\Users\a\Desktop\C#.NET\.Net Third Month\.Net first week\Exam2\Admin\Admin.csproj]
C:\Users\a\Desktop\C#.NET\.Net Third Month\.Net first week\Exam2\Admin\App.razor(5,17): warning RZ10012: Found markup element with unexpected name 'NotAuthorized'. If this is intended to be a component, add a @using directive for its namespace. [C:\Users\a\Desktop\C#.NET\.Net Third Month\.Net first week\Exam2\Admin\Admin.csproj]
C:\Users\a\Desktop\C#.NET\.Net Third Month\.Net first week\Exam2\Admin\App.razor(8,25): warning RZ10012: Found markup element with unexpected name 'RedirectToLogin'. If this is intended to be a component, add a @using directive for its namespace. [C:\Users\a\Desktop\C#.NET\.Net Third Month\.Net first week\Exam2\Admin\Admin.csproj]
C:\Users\a\Desktop\C#.NET\.Net Third Month\.Net first week\Exam2\Admin\Auth\JwtAuthenticationStateProvider.cs(1,39): error CS0234: Тип или имя пространства имен "Authorization" не существует в пространстве имен "Microsoft.AspNetCore.Components" (возможно, отсутствует ссылка на сборку). [C:\Users\a\Desktop\C#.NET\.Net Third Month\.Net first week\Exam2\Admin\Admin.csproj]
C:\Users\a\Desktop\C#.NET\.Net Third Month\.Net first week\Exam2\Admin\Program.cs(4,39): error CS0234: Тип или имя пространства имен "Authorization" не существует в пространстве имен "Microsoft.AspNetCore.Components" (возможно, отсутствует ссылка на сборку). [C:\Users\a\Desktop\C#.NET\.Net Third Month\.Net first week\Exam2\Admin\Admin.csproj]
C:\Users\a\Desktop\C#.NET\.Net Third Month\.Net first week\Exam2\Admin\_Imports.razor(14,40): error CS0234: Тип или имя пространства имен "Authorization" не существует в пространстве имен "Microsoft.AspNetCore.Components" (возможно, отсутствует ссылка на сборку). [C:\Users\a\Desktop\C#.NET\.Net Third Month\.Net first week\Exam2\Admin\Admin.csproj]
C:\Users\a\Desktop\C#.NET\.Net Third Month\.Net first week\Exam2\Admin\_Imports.razor(14,40): error CS0234: Тип или имя пространства имен "Authorization" не существует в пространстве имен "Microsoft.AspNetCore.Components" (возможно, отсутствует ссылка на сборку). [C:\Users\a\Desktop\C#.NET\.Net Third Month\.Net first week\Exam2\Admin\Admin.csproj]
C:\Users\a\Desktop\C#.NET\.Net Third Month\.Net first week\Exam2\Admin\Auth\JwtAuthenticationStateProvider.cs(9,47): error CS0246: Не удалось найти тип или имя пространства имен "AuthenticationStateProvider" (возможно, отсутствует директива using или ссылка на сборку). [C:\Users\a\Desktop\C#.NET\.Net Third Month\.Net first week\Exam2\Admin\Admin.csproj]
C:\Users\a\Desktop\C#.NET\.Net Third Month\.Net first week\Exam2\Admin\Auth\JwtAuthenticationStateProvider.cs(20,32): error CS0246: Не удалось найти тип или имя пространства имен "AuthenticationState" (возможно, отсутствует директива using или ссылка на сборку). [C:\Users\a\Desktop\C#.NET\.Net Third Month\.Net first week\Exam2\Admin\Admin.csproj]
C:\Users\a\Desktop\C#.NET\.Net Third Month\.Net first week\Exam2\Admin\_Imports.razor(14,40): error CS0234: Тип или имя пространства имен "Authorization" не существует в пространстве имен "Microsoft.AspNetCore.Components" (возможно, отсутствует ссылка на сборку). [C:\Users\a\Desktop\C#.NET\.Net Third Month\.Net first week\Exam2\Admin\Admin.csproj]
C:\Users\a\Desktop\C#.NET\.Net Third Month\.Net first week\Exam2\Admin\_Imports.razor(14,40): error CS0234: Тип или имя пространства имен "Authorization" не существует в пространстве имен "Microsoft.AspNetCore.Components" (возможно, отсутствует ссылка на сборку). [C:\Users\a\Desktop\C#.NET\.Net Third Month\.Net first week\Exam2\Admin\Admin.csproj]
C:\Users\a\Desktop\C#.NET\.Net Third Month\.Net first week\Exam2\Admin\_Imports.razor(14,40): error CS0234: Тип или имя пространства имен "Authorization" не существует в пространстве имен "Microsoft.AspNetCore.Components" (возможно, отсутствует ссылка на сборку). [C:\Users\a\Desktop\C#.NET\.Net Third Month\.Net first week\Exam2\Admin\Admin.csproj]
C:\Users\a\Desktop\C#.NET\.Net Third Month\.Net first week\Exam2\Admin\_Imports.razor(14,40): error CS0234: Тип или имя пространства имен "Authorization" не существует в пространстве имен "Microsoft.AspNetCore.Components" (возможно, отсутствует ссылка на сборку). [C:\Users\a\Desktop\C#.NET\.Net Third Month\.Net first week\Exam2\Admin\Admin.csproj]
C:\Users\a\Desktop\C#.NET\.Net Third Month\.Net first week\Exam2\Admin\_Imports.razor(14,40): error CS0234: Тип или имя пространства имен "Authorization" не существует в пространстве имен "Microsoft.AspNetCore.Components" (возможно, отсутствует ссылка на сборку). [C:\Users\a\Desktop\C#.NET\.Net Third Month\.Net first week\Exam2\Admin\Admin.csproj]
C:\Users\a\Desktop\C#.NET\.Net Third Month\.Net first week\Exam2\Admin\_Imports.razor(14,40): error CS0234: Тип или имя пространства имен "Authorization" не существует в пространстве имен "Microsoft.AspNetCore.Components" (возможно, отсутствует ссылка на сборку). [C:\Users\a\Desktop\C#.NET\.Net Third Month\.Net first week\Exam2\Admin\Admin.csproj]
C:\Users\a\Desktop\C#.NET\.Net Third Month\.Net first week\Exam2\Admin\_Imports.razor(14,40): error CS0234: Тип или имя пространства имен "Authorization" не существует в пространстве имен "Microsoft.AspNetCore.Components" (возможно, отсутствует ссылка на сборку). [C:\Users\a\Desktop\C#.NET\.Net Third Month\.Net first week\Exam2\Admin\Admin.csproj]
C:\Users\a\Desktop\C#.NET\.Net Third Month\.Net first week\Exam2\Admin\_Imports.razor(14,40): error CS0234: Тип или имя пространства имен "Authorization" не существует в пространстве имен "Microsoft.AspNetCore.Components" (возможно, отсутствует ссылка на сборку). [C:\Users\a\Desktop\C#.NET\.Net Third Month\.Net first week\Exam2\Admin\Admin.csproj]
C:\Users\a\Desktop\C#.NET\.Net Third Month\.Net first week\Exam2\Admin\_Imports.razor(14,40): error CS0234: Тип или имя пространства имен "Authorization" не существует в пространстве имен "Microsoft.AspNetCore.Components" (возможно, отсутствует ссылка на сборку). [C:\Users\a\Desktop\C#.NET\.Net Third Month\.Net first week\Exam2\Admin\Admin.csproj]
C:\Users\a\Desktop\C#.NET\.Net Third Month\.Net first week\Exam2\Admin\_Imports.razor(14,40): error CS0234: Тип или имя пространства имен "Authorization" не существует в пространстве имен "Microsoft.AspNetCore.Components" (возможно, отсутствует ссылка на сборку). [C:\Users\a\Desktop\C#.NET\.Net Third Month\.Net first week\Exam2\Admin\Admin.csproj]
    Предупреждений: 4
    Ошибок: 16

Прошло времени 00:00:02.44
